// Jest Snapshot v1, https://goo.gl/fbAQLP

exports[`Icon Should renders without problems 1`] = `
<WithTheme(Icon)
  type="search"
>
  <Icon
    type="search"
  >
    <Wrap>
      <Wrapper__Elem>
        <div
          className="Wrapper__Elem-dfmffM cXCLhn"
        >
          <search>
            <Search
              fill="#212C42"
              height="16"
              viewBox="0 0 16 16"
              width="16"
              xmlns="http://www.w3.org/2000/svg"
            >
              <svg
                fill="#212C42"
                height="16"
                viewBox="0 0 16 16"
                width="16"
                xmlns="http://www.w3.org/2000/svg"
              >
                <path
                  clipRule="evenodd"
                  d="M2 7c0-2.757 2.243-5 5-5s5 2.243 5 5-2.243 5-5 5-5-2.243-5-5zm13.708 7.294l-3.107-3.107A6.961 6.961 0 0 0 14 7a7 7 0 1 0-7 7 6.961 6.961 0 0 0 4.187-1.399l3.107 3.107a.999.999 0 0 0 1.414 0 1 1 0 0 0 0-1.414z"
                  fillRule="evenodd"
                />
              </svg>
            </Search>
          </search>
        </div>
      </Wrapper__Elem>
    </Wrap>
  </Icon>
</WithTheme(Icon)>
`;
